// Jest Snapshot v1, https://goo.gl/fbAQLP

exports[`renders correctly 1`] = `
<div>
  app_name
   
  <div
    className="select"
  >
    <select
      onChange={[Function]}
    >
      <option
        value="en"
      >
        English
      </option>
      <option
        value="ar"
      >
        عربي
      </option>
    </select>
  </div>
</div>
`;
