// Jest Snapshot v1, https://goo.gl/fbAQLP

exports[`renders correctly 1`] = `
<div
  className="rounded"
>
  <div
    className="flex justify-center"
  >
    <img
      alt="icon"
      src="https://apifortress.com/doc/wp-content/uploads/2019/04/ForgeIcon_Black.svg"
    />
  </div>
  <div
    className="px-6 py-0 pb-6 my-5"
  >
    <div
      className="text-primary-100 text-lg sm:text-xl md:text-2xl font-bold my-3 text-left"
    >
       Title 
    </div>
    <p
      className="text-black text-sm sm:text-base md:text-lg lg:text-xl text-left"
    >
       Description 
    </p>
  </div>
</div>
`;
