// Jest Snapshot v1, https://goo.gl/fbAQLP

exports[`renders correctly 1`] = `
<div>
  <div
    className="Card"
  >
    <div
      className="max-w-sm my-5 ml-8 bg-gray-200 border rounded shadow-lg mt-15"
    >
      <div
        className="w-32 mt-0 ml-32 mb-0"
      >
        <img
          alt="icon"
          className="w-full h-full"
          src="https://apifortress.com/doc/wp-content/uploads/2019/04/ForgeIcon_Black.svg"
        />
      </div>
      <div
        className="px-6 py-0 pb-1 my-5"
      >
        <div
          className="text-orange-800 text-lg font-bold text-xl mb-2  text-left"
        >
           Title 
        </div>
        <p
          className="text-gray-700 text-lg text-left"
        >
           Description 
        </p>
      </div>
    </div>
  </div>
</div>
`;
