// Jest Snapshot v1, https://goo.gl/fbAQLP

exports[`renders correctly 1`] = `
<div
  className="flex-1 flex flex-col  mb-4 "
>
  <label
    className="flex-1 mb-2 text-sm sm:text-base font-semibold"
    htmlFor="name"
  />
  <input
    className="flex-1  mr-4 p-2 text-sm sm:text-base tracking-normal  border-2 border-gray-300 focus:outline-none  bg-white placeholder-gray-500"
    id="name"
    name="name"
    onChange={[Function]}
    placeholder="Name"
    type="text"
    value="name"
  />
</div>
`;
