// Jest Snapshot v1, https://goo.gl/fbAQLP

exports[`renders correctly 1`] = `
<div
  className="flex  items-center w-10/12  mb-10"
>
  <div
    className="text-base md:text-lg lg:text-xl font-semibold  mx-4 sm:mx-8"
  >
    donate_first_page.step
    <span
      className="mx-2"
    >
      1 / 3
    </span>
  </div>
  <div
    className="flex-1 h-6 sm:h-8 md:h-10 bg-gray-100"
  >
    <div
      className="h-6 sm:h-8 md:h-10  bg-primary w-4/12 null null"
    />
  </div>
</div>
`;
