// Jest Snapshot v1, https://goo.gl/fbAQLP

exports[`renders correctly 1`] = `
<div>
  <div
    className="mx-6 my-6"
  >
    <h1
      className="pt-1 font-semibold text-center text-primary-100 sm:text-xl md:text-2xl lg:text-3xl"
    >
      donation_process.titleCard
    </h1>
    <h1
      className="pt-1 font-semibold text-center text-black sm:text-xl md:text-2xl lg:text-3xll"
    >
      donation_process.secondTitle
    </h1>
    <p
      className="pt-3 text-center sm:text-sm md:text-base lg:text-lg"
    >
      donation_process.Paragraph
    </p>
  </div>
  <div
    className="flex flex-col"
  >
    <div
      className="flex flex-col p-6 m-6 bg-gray-200 rounded md:flex-row"
    >
       
       
      <div
        className="flex-none w-16 h-16 mx-auto border-4 border-gray-500 rounded-full md:h-24 md:w-24 sm:m-0 md:mr-4 sm:border-6 "
      >
         
        <img
          alt="icon"
          src="register.svg"
        />
         
      </div>
       
      <div
        className="flex-1 my-6 mr-4 sm:mr-4"
      >
         
        <span
          className="text-base font-bold text-primary-100 sm:text-sm md:text-lg"
        >
           
          donation_process.registerTitle
           -
           
        </span>
         
        <span
          className="text-base text-black sm:text-sm md:text-lg"
        >
          donation_process.registerDesc
        </span>
         
      </div>
       
    </div>
    <div
      className="flex flex-col p-6 m-6 bg-gray-200 rounded md:flex-row"
    >
       
       
      <div
        className="flex-none w-16 h-16 mx-auto border-4 border-gray-500 rounded-full md:h-24 md:w-24 sm:m-0 md:mr-4 sm:border-6 "
      >
         
        <img
          alt="icon"
          src="health.svg"
        />
         
      </div>
       
      <div
        className="flex-1 my-6 mr-4 sm:mr-4"
      >
         
        <span
          className="text-base font-bold text-primary-100 sm:text-sm md:text-lg"
        >
           
          donation_process.healthTitle
           -
           
        </span>
         
        <span
          className="text-base text-black sm:text-sm md:text-lg"
        >
          donation_process.healthDesc
        </span>
         
      </div>
       
    </div>
    <div
      className="flex flex-col p-6 m-6 bg-gray-200 rounded md:flex-row"
    >
       
       
      <div
        className="flex-none w-16 h-16 mx-auto border-4 border-gray-500 rounded-full md:h-24 md:w-24 sm:m-0 md:mr-4 sm:border-6 "
      >
         
        <img
          alt="icon"
          src="donation.svg"
        />
         
      </div>
       
      <div
        className="flex-1 my-6 mr-4 sm:mr-4"
      >
         
        <span
          className="text-base font-bold text-primary-100 sm:text-sm md:text-lg"
        >
           
          donation_process.donationTitle
           -
           
        </span>
         
        <span
          className="text-base text-black sm:text-sm md:text-lg"
        >
          donation_process.donationDesc
        </span>
         
      </div>
       
    </div>
    <div
      className="flex flex-col p-6 m-6 bg-gray-200 rounded md:flex-row"
    >
       
       
      <div
        className="flex-none w-16 h-16 mx-auto border-4 border-gray-500 rounded-full md:h-24 md:w-24 sm:m-0 md:mr-4 sm:border-6 "
      >
         
        <img
          alt="icon"
          src="cookie.svg"
        />
         
      </div>
       
      <div
        className="flex-1 my-6 mr-4 sm:mr-4"
      >
         
        <span
          className="text-base font-bold text-primary-100 sm:text-sm md:text-lg"
        >
           
          donation_process.refreshmentTitle
           -
           
        </span>
         
        <span
          className="text-base text-black sm:text-sm md:text-lg"
        >
          donation_process.refreshmentDesc
        </span>
         
      </div>
       
    </div>
    <div
      className="flex flex-col p-6 m-6 bg-gray-200 rounded md:flex-row"
    >
       
       
      <div
        className="flex-none w-16 h-16 mx-auto border-4 border-gray-500 rounded-full md:h-24 md:w-24 sm:m-0 md:mr-4 sm:border-6 "
      >
         
        <img
          alt="icon"
          src="blood.svg"
        />
         
      </div>
       
      <div
        className="flex-1 my-6 mr-4 sm:mr-4"
      >
         
        <span
          className="text-base font-bold text-primary-100 sm:text-sm md:text-lg"
        >
           
          donation_process.testingTitle
           -
           
        </span>
         
        <span
          className="text-base text-black sm:text-sm md:text-lg"
        >
          donation_process.testingDesc
        </span>
         
      </div>
       
    </div>
  </div>
</div>
`;
