// Jest Snapshot v1, https://goo.gl/fbAQLP

exports[`renders correctly 1`] = `
<div>
  Search
  <div>
    <table
      className="border table-auto  min-w-full"
    >
      <thead>
        <tr
          className="bg-primary"
        >
          <th
            className="border px-4 py-2 text-white text-center leading-4 text-sm tracking-wider text-left"
          >
            table.name
          </th>
          <th
            className="border px-4 py-2 text-white text-center leading-4 text-sm tracking-wider text-left"
          >
            table.bloodType
          </th>
          <th
            className="border px-4 py-2 text-white text-center leading-4 text-sm tracking-wider text-left"
          >
            table.city
          </th>
          <th
            className="border px-4 py-2 text-white text-center leading-4 text-sm tracking-wider text-left"
          >
            table.phone
          </th>
          <th
            className="border px-4 py-2 text-white text-center leading-4 text-sm tracking-wider text-left"
          >
            table.email
          </th>
        </tr>
      </thead>
      <tbody>
        <tr
          className="we-full bg-red"
        >
          <td
            className="border px-4 py-2 text-center lg:px-6 mt-4 md:mt-0  whitespace-no-wrap border-b bg-gray"
          >
            ali
          </td>
          <td
            className="border px-4 py-2 text-center lg:px-6 mt-4 md:mt-0  whitespace-no-wrap border-b bg-gray"
          >
            A+
          </td>
          <td
            className="border px-4 py-2 text-center lg:px-6 mt-4 md:mt-0  whitespace-no-wrap border-b bg-gray"
          >
            sanaa
          </td>
          <td
            className="border px-4 py-2 text-center lg:px-6 mt-4 md:mt-0  whitespace-no-wrap border-b bg-gray"
          >
            772455696
          </td>
          <td
            className="border px-4 py-2 text-center lg:px-6 mt-4 md:mt-0  whitespace-no-wrap border-b bg-gray"
          >
            ali@gmail.com
          </td>
        </tr>
        <tr
          className="w-full bg-gray-200"
        >
          <td
            className="border px-4 py-2 text-center lg:px-6 mt-4 md:mt-0  whitespace-no-wrap border-b bg-gray"
          >
            mohamed
          </td>
          <td
            className="border px-4 py-2 text-center lg:px-6 mt-4 md:mt-0  whitespace-no-wrap border-b bg-gray"
          >
            A+
          </td>
          <td
            className="border px-4 py-2 text-center lg:px-6 mt-4 md:mt-0  whitespace-no-wrap border-b bg-gray"
          >
            Aden
          </td>
          <td
            className="border px-4 py-2 text-center lg:px-6 mt-4 md:mt-0  whitespace-no-wrap border-b bg-gray"
          >
            772455696
          </td>
          <td
            className="border px-4 py-2 text-center lg:px-6 mt-4 md:mt-0  whitespace-no-wrap border-b bg-gray"
          >
            mo@gmail.com
          </td>
        </tr>
      </tbody>
    </table>
  </div>
</div>
`;
