// Jest Snapshot v1, https://goo.gl/fbAQLP

exports[`renders correctly 1`] = `
<div
  className="px-2 sm:px-4 py-2 bg-gray-200 "
>
  <div
    className="flex items-center"
  >
    <img
      alt="icon"
      className="w-6 h-6 mx-2 my-1 object-cover "
      src="https://apifortress.com/doc/wp-content/uploads/2019/04/ForgeIcon_Black.svg"
    />
    <span
      className=" text-sm sm:text-base "
    >
       
      title
       
    </span>
  </div>
</div>
`;
