// Jest Snapshot v1, https://goo.gl/fbAQLP

exports[`renders correctly 1`] = `
<div
  className=" py-2 sm:py-0 lg:px-2  mt-2 md:mt-0  text-sm flex items-center"
>
  <button
    className="flex   focus:outline-none "
    onClick={[Function]}
    type="button"
  >
    <p
      className="mr-1 text-white "
    >
      عربي
    </p>
    <img
      alt="Arabic"
      className="w-6 h-6 rounded-full object-cover  "
      src="languageicon.svg"
    />
  </button>
</div>
`;
